// Jest Snapshot v1, https://goo.gl/fbAQLP

exports[`CharacterStats component renders character with stats 1`] = `
<section>
  <Character
    image="http://test.jpeg"
  />
  <Stats
    food={25}
    gov={-50}
    movement={25}
    total={25}
    water={25}
  />
</section>
`;
